exports[`getRepos Saga should call the repoLoadingError action if the response errors 1`] = `
Object {
  "@@redux-saga/IO": true,
  "CALL": Object {
    "args": Array [
      "https://api.github.com/users/mxstbr/repos?type=all&sort=updated",
    ],
    "context": null,
    "fn": [Function],
  },
}
`;

exports[`getRepos Saga should dispatch the reposLoaded action if it requests the data successfully 1`] = `
Object {
  "@@redux-saga/IO": true,
  "CALL": Object {
    "args": Array [
      "https://api.github.com/users/mxstbr/repos?type=all&sort=updated",
    ],
    "context": null,
    "fn": [Function],
  },
}
`;
